<html>
<body>
<pre>
<h1>µVision Build Log</h1>
<h2>Tool Versions:</h2>
IDE-Version: µVision V5.36.0.0
Copyright (C) 2021 ARM Ltd and ARM Germany GmbH. All rights reserved.
License Information: biba boba, company, LIC=----
 
Tool Versions:
Toolchain:       MDK-Lite  Version: 5.36.0.0
Toolchain Path:  C:\guap\pvp\KEIL\ARM\ARMCC\Bin
C Compiler:      Armcc.exe V5.06 update 7 (build 960)
Assembler:       Armasm.exe V5.06 update 7 (build 960)
Linker/Locator:  ArmLink.exe V5.06 update 7 (build 960)
Library Manager: ArmAr.exe V5.06 update 7 (build 960)
Hex Converter:   FromElf.exe V5.06 update 7 (build 960)
CPU DLL:         SARMCM3.DLL V5.36.0.0
Dialog DLL:      DCM.DLL V1.17.3.0
Target DLL:      STLink\ST-LINKIII-KEIL_SWO.dll V3.0.9.0
Dialog DLL:      TCM.DLL V1.53.0.0
 
<h2>Project:</h2>
C:\guap\pvpkp\pvp_kp_shim_old\pvp_kp_shim\MDK-ARM\pvp_kp_shim.uvprojx
Project File Date:  10/21/2022

<h2>Output:</h2>
*** Using Compiler 'V5.06 update 7 (build 960)', folder: 'C:\guap\pvp\KEIL\ARM\ARMCC\Bin'
Build target 'pvp_kp_shim'
compiling main.c...
linking...
Program Size: Code=8302 RO-data=474 RW-data=16 ZI-data=1712  
FromELF: creating hex file...
"pvp_kp_shim\pvp_kp_shim.axf" - 0 Error(s), 0 Warning(s).

<h2>Software Packages used:</h2>

Package Vendor: ARM
                http://www.keil.com/pack/ARM.CMSIS.5.8.0.pack
                ARM.CMSIS.5.8.0
                CMSIS (Common Microcontroller Software Interface Standard)
   * Component: CORE Version: 5.5.0

Package Vendor: Keil
                http://www.keil.com/pack/Keil.STM32F3xx_DFP.2.2.2.pack
                Keil.STM32F3xx_DFP.2.2.2
                STMicroelectronics STM32F3 Series Device Support and Examples

<h2>Collection of Component include folders:</h2>
  .\RTE\_pvp_kp_shim
  C:\Users\ollokio\AppData\Local\Arm\Packs\ARM\CMSIS\5.8.0\CMSIS\Core\Include
  C:\Users\ollokio\AppData\Local\Arm\Packs\Keil\STM32F3xx_DFP\2.2.2\Drivers\CMSIS\Device\ST\STM32F3xx\Include

<h2>Collection of Component Files used:</h2>

   * Component: ARM::CMSIS:CORE:5.5.0
      Include file:  CMSIS\Core\Include\tz_context.h
Build Time Elapsed:  00:00:02
</pre>
</body>
</html>
